0 verbose cli C:\Program Files\nodejs\node.exe C:\Program Files\nodejs\node_modules\npm\bin\npm-cli.js
1 info using npm@11.9.0
2 info using node@v24.14.0
3 silly config load:file:C:\Program Files\nodejs\node_modules\npm\npmrc
4 silly config load:file:D:\WMS\nuomi_wms\admin-web\.npmrc
5 silly config load:file:C:\Users\Administrator\.npmrc
6 silly config load:file:C:\Users\Administrator\AppData\Roaming\npm\etc\npmrc
7 verbose title npm install typescript@5.9.3
8 verbose argv "install" "--save-dev" "typescript@5.9.3" "--cache" ".npm-cache" "--no-audit" "--no-fund"
9 verbose logfile logs-max:10 dir:D:\WMS\nuomi_wms\admin-web\.npm-cache\_logs\2026-07-16T10_18_13_237Z-
10 verbose logfile D:\WMS\nuomi_wms\admin-web\.npm-cache\_logs\2026-07-16T10_18_13_237Z-debug-0.log
11 silly logfile done cleaning log files
12 silly packumentCache heap:4496293888 maxSize:1124073472 maxEntrySize:562036736
13 silly idealTree buildDeps
14 silly fetch manifest typescript@5.9.3
15 silly packumentCache full:https://registry.npmjs.org/typescript cache-miss
16 http cache https://registry.npmjs.org/typescript 55ms (cache hit)
17 silly packumentCache full:https://registry.npmjs.org/typescript set size:15443961 disposed:false
18 silly placeDep ROOT typescript@5.9.3 REPLACE for: nuomi-wms-admin-web@0.1.0 want: 5.9.3
19 silly reify mark retired [
19 silly reify   'D:\\WMS\\nuomi_wms\\admin-web\\node_modules\\@typescript\\typescript-win32-x64'
19 silly reify ]
20 silly reify mark retired [
20 silly reify   'D:\\WMS\\nuomi_wms\\admin-web\\node_modules\\typescript',
20 silly reify   'D:\\WMS\\nuomi_wms\\admin-web\\node_modules\\.bin\\tsc',
20 silly reify   'D:\\WMS\\nuomi_wms\\admin-web\\node_modules\\.bin\\tsc.cmd',
20 silly reify   'D:\\WMS\\nuomi_wms\\admin-web\\node_modules\\.bin\\tsc.ps1'
20 silly reify ]
21 silly reify moves {
21 silly reify   'D:\\WMS\\nuomi_wms\\admin-web\\node_modules\\@typescript\\typescript-win32-x64': 'D:\\WMS\\nuomi_wms\\admin-web\\node_modules\\@typescript\\.typescript-win32-x64-27baEYSX',
21 silly reify   'D:\\WMS\\nuomi_wms\\admin-web\\node_modules\\typescript': 'D:\\WMS\\nuomi_wms\\admin-web\\node_modules\\.typescript-bKQyHCLV',
21 silly reify   'D:\\WMS\\nuomi_wms\\admin-web\\node_modules\\.bin\\tsc': 'D:\\WMS\\nuomi_wms\\admin-web\\node_modules\\.bin\\.tsc-vmTk0Ias',
21 silly reify   'D:\\WMS\\nuomi_wms\\admin-web\\node_modules\\.bin\\tsc.cmd': 'D:\\WMS\\nuomi_wms\\admin-web\\node_modules\\.bin\\.tsc.cmd-xZ6oJwaa',
21 silly reify   'D:\\WMS\\nuomi_wms\\admin-web\\node_modules\\.bin\\tsc.ps1': 'D:\\WMS\\nuomi_wms\\admin-web\\node_modules\\.bin\\.tsc.ps1-Q55s0BpV'
21 silly reify }
22 http cache typescript@https://registry.npmjs.org/typescript/-/typescript-5.9.3.tgz 0ms (cache hit)
23 silly tarball no local data for typescript@https://registry.npmjs.org/typescript/-/typescript-5.9.3.tgz. Extracting by manifest.
24 http fetch GET 200 https://registry.npmjs.org/typescript/-/typescript-5.9.3.tgz 2302ms (cache miss)
25 silly CHANGE node_modules/typescript
26 silly REMOVE node_modules/@typescript/typescript-win32-x64
27 verbose cwd D:\WMS\nuomi_wms\admin-web
28 verbose os Windows_NT 10.0.26100
29 verbose node v24.14.0
30 verbose npm  v11.9.0
31 verbose exit 0
32 info ok
